// Jest Snapshot v1, https://goo.gl/fbAQLP

exports[`matches snapshot 1`] = `
<DocumentFragment>
  <div>
    <h3>
      Colored Boxes
    </h3>
    <div
      class="BoxList-form"
    >
      <form
        class=""
      >
        <div
          class="form-row"
        >
          <div
            class="col-md-12"
          >
            <div
              class="form-group"
            >
              <label
                class=""
                for="color"
              >
                Color
              </label>
              <input
                class="form-control"
                id="color"
                name="color"
                type="text"
                value=""
              />
            </div>
            <div
              class="form-group"
            >
              <label
                class=""
                for="width"
              >
                Width
              </label>
              <input
                class="form-control"
                id="width"
                name="width"
                type="text"
                value=""
              />
            </div>
            <div
              class="form-group"
            >
              <label
                class=""
                for="height"
              >
                Height
              </label>
              <input
                class="form-control"
                id="height"
                name="height"
                type="text"
                value=""
              />
            </div>
            <button
              class="btn btn-secondary"
            >
              Add
            </button>
          </div>
        </div>
      </form>
    </div>
    <div
      class="BoxList"
    />
  </div>
</DocumentFragment>
`;
